******************************************************************************
                  MSP430 Linker PC v4.3.3                      
******************************************************************************
>> Linked Wed Aug 06 00:58:30 2014

OUTPUT FILE NAME:   <PWM.out>
ENTRY POINT SYMBOL: "_c_int00"  address: 0000d75c


MEMORY CONFIGURATION

         name            origin    length      used     unused   attr    fill
----------------------  --------  ---------  --------  --------  ----  --------
  SFR                   00000000   00000010  00000000  00000010  RWIX
  PERIPHERALS_8BIT      00000010   000000f0  00000000  000000f0  RWIX
  PERIPHERALS_16BIT     00000100   00000100  00000000  00000100  RWIX
  RAM                   00000200   00000200  00000051  000001af  RWIX
  INFOD                 00001000   00000040  00000000  00000040  RWIX
  INFOC                 00001040   00000040  00000000  00000040  RWIX
  INFOB                 00001080   00000040  00000000  00000040  RWIX
  INFOA                 000010c0   00000040  00000000  00000040  RWIX
  FLASH                 0000c000   00003fe0  00001844  0000279c  RWIX
  INT00                 0000ffe0   00000002  00000000  00000002  RWIX
  INT01                 0000ffe2   00000002  00000000  00000002  RWIX
  INT02                 0000ffe4   00000002  00000002  00000000  RWIX
  INT03                 0000ffe6   00000002  00000002  00000000  RWIX
  INT04                 0000ffe8   00000002  00000000  00000002  RWIX
  INT05                 0000ffea   00000002  00000002  00000000  RWIX
  INT06                 0000ffec   00000002  00000002  00000000  RWIX
  INT07                 0000ffee   00000002  00000002  00000000  RWIX
  INT08                 0000fff0   00000002  00000002  00000000  RWIX
  INT09                 0000fff2   00000002  00000002  00000000  RWIX
  INT10                 0000fff4   00000002  00000002  00000000  RWIX
  INT11                 0000fff6   00000002  00000002  00000000  RWIX
  INT12                 0000fff8   00000002  00000002  00000000  RWIX
  INT13                 0000fffa   00000002  00000002  00000000  RWIX
  INT14                 0000fffc   00000002  00000002  00000000  RWIX
  RESET                 0000fffe   00000002  00000002  00000000  RWIX


SECTION ALLOCATION MAP

 output                                  attributes/
section   page    origin      length       input sections
--------  ----  ----------  ----------   ----------------
.init_array 
*          0    0000c000    00000000     UNINITIALIZED

.data      0    00000200    00000001     UNINITIALIZED
                  00000200    00000001     PWM.obj (.data)

.TI.persistent 
*          0    00000200    00000000     UNINITIALIZED

.stack     0    000003b0    00000050     UNINITIALIZED
                  000003b0    00000002     rts430_eabi.lib : boot.obj (.stack)
                  000003b2    0000004e     --HOLE--

.text      0    0000c000    00001832     
                  0000c000    00000462     rts430_eabi.lib : frcdivd.obj (.text:__TI_frcdivd)
                  0000c462    000002f4                     : frcmpyd.obj (.text:__TI_frcmpyd)
                  0000c756    000002e8                     : addd.obj (.text:__mspabi_addd)
                  0000ca3e    0000026e                     : mpyd.obj (.text:__mspabi_mpyd)
                  0000ccac    00000260                     : frcaddd.obj (.text:__TI_frcaddd)
                  0000cf0c    00000238                     : divd.obj (.text:__mspabi_divd)
                  0000d144    000000ce     PWM.obj (.text:main)
                  0000d212    000000c4     PWM.obj (.text:T_A0_1_Config)
                  0000d2d6    000000be     rts430_eabi.lib : renormd.obj (.text:__TI_renormd)
                  0000d394    00000080                     : fltuld.obj (.text:__mspabi_fltuld)
                  0000d414    00000074                     : fixdul.obj (.text:__mspabi_fixdul)
                  0000d488    0000005e                     : copy_decompress_rle.obj (.text:__TI_decompress_rle_core)
                  0000d4e6    0000005e                     : autoinit.obj (.text:_auto_init)
                  0000d544    0000005c                     : lsr32.obj (.text:l_lsr_const)
                  0000d5a0    0000004c                     : lsr16.obj (.text)
                  0000d5ec    0000003e                     : asr32.obj (.text:l_asr_const)
                  0000d62a    0000003e                     : lsl32.obj (.text:l_lsl_const)
                  0000d668    0000002e     PWM.obj (.text:ClockConfig)
                  0000d696    0000002e     rts430_eabi.lib : subd.obj (.text:__mspabi_subd)
                  0000d6c4    0000002c                     : asr16.obj (.text)
                  0000d6f0    0000002c                     : lsl16.obj (.text)
                  0000d71c    00000026                     : mult32.obj (.text)
                  0000d742    0000001a     PWM.obj (.text:P1Init)
                  0000d75c    0000001a     rts430_eabi.lib : boot.obj (.text:_c_int00_noexit)
                  0000d776    00000014                     : mult16.obj (.text)
                  0000d78a    00000012                     : fixdu.obj (.text:__mspabi_fixdu)
                  0000d79c    00000012                     : copy_decompress_none.obj (.text:decompress:none:__TI_decompress_none)
                  0000d7ae    00000012                     : lsr32.obj (.text:l_lsr)
                  0000d7c0    00000012                     : memcpy.obj (.text:memcpy)
                  0000d7d2    00000010                     : asr32.obj (.text:l_asr)
                  0000d7e2    00000010                     : lsl32.obj (.text:l_lsl)
                  0000d7f2    00000010                     : epilog.obj (.text)
                  0000d802    0000000e     PWM.obj (.text:KeyInit)
                  0000d810    00000008     PWM.obj (.text:WDTStop)
                  0000d818    00000006     rts430_eabi.lib : isr_trap.obj (.text:__TI_ISR_TRAP)
                  0000d81e    00000006                     : fltud.obj (.text:__mspabi_fltud)
                  0000d824    00000006                     : copy_decompress_rle.obj (.text:decompress:rle24:__TI_decompress_rle24)
                  0000d82a    00000004                     : pre_init.obj (.text:_system_pre_init)
                  0000d82e    00000004                     : exit.obj (.text:abort)

.const     0    0000d832    00000004     
                  0000d832    00000004     PWM.obj (.const)

.cinit     0    0000d836    0000000e     
                  0000d836    00000005     (.cinit..data.load) [load image]
                  0000d83b    00000001     --HOLE-- [fill = 0]
                  0000d83c    00000004     (__TI_handler_table)
                  0000d840    00000004     (__TI_cinit_table)

PORT1      0    0000ffe4    00000002     
                  0000ffe4    00000002     rts430_eabi.lib : int02.obj (.int02)

PORT2      0    0000ffe6    00000002     
                  0000ffe6    00000002     rts430_eabi.lib : int03.obj (.int03)

ADC10      0    0000ffea    00000002     
                  0000ffea    00000002     rts430_eabi.lib : int05.obj (.int05)

USCIAB0TX 
*          0    0000ffec    00000002     
                  0000ffec    00000002     rts430_eabi.lib : int06.obj (.int06)

USCIAB0RX 
*          0    0000ffee    00000002     
                  0000ffee    00000002     rts430_eabi.lib : int07.obj (.int07)

TIMER0_A1 
*          0    0000fff0    00000002     
                  0000fff0    00000002     rts430_eabi.lib : int08.obj (.int08)

TIMER0_A0 
*          0    0000fff2    00000002     
                  0000fff2    00000002     rts430_eabi.lib : int09.obj (.int09)

WDT        0    0000fff4    00000002     
                  0000fff4    00000002     rts430_eabi.lib : int10.obj (.int10)

COMPARATORA 
*          0    0000fff6    00000002     
                  0000fff6    00000002     rts430_eabi.lib : int11.obj (.int11)

TIMER1_A1 
*          0    0000fff8    00000002     
                  0000fff8    00000002     rts430_eabi.lib : int12.obj (.int12)

TIMER1_A0 
*          0    0000fffa    00000002     
                  0000fffa    00000002     rts430_eabi.lib : int13.obj (.int13)

NMI        0    0000fffc    00000002     
                  0000fffc    00000002     rts430_eabi.lib : int14.obj (.int14)

.reset     0    0000fffe    00000002     
                  0000fffe    00000002     rts430_eabi.lib : boot.obj (.reset)


LINKER GENERATED COPY TABLES

__TI_cinit_table @ 0000d840 records: 1, size/record: 4, table size: 4
	.data: load addr=0000d836, load size=00000005 bytes, run addr=00000200, run size=00000001 bytes, compression=copy


LINKER GENERATED HANDLER TABLE

__TI_handler_table @ 0000d83c records: 2, size/record: 2, table size: 4
	index: 0, handler: __TI_decompress_rle24
	index: 1, handler: __TI_decompress_none


GLOBAL SYMBOLS: SORTED ALPHABETICALLY BY Name 

address    name
--------   ----
0000004a   ADC10AE0
000001b0   ADC10CTL0
000001b2   ADC10CTL1
00000048   ADC10DTC0
00000049   ADC10DTC1
000001b4   ADC10MEM
000001bc   ADC10SA
00000057   BCSCTL1
00000058   BCSCTL2
00000053   BCSCTL3
0000d82e   C$$EXIT
00000059   CACTL1
0000005a   CACTL2
000010fb   CALBC1_12MHZ
000010f9   CALBC1_16MHZ
000010ff   CALBC1_1MHZ
000010fd   CALBC1_8MHZ
000010fa   CALDCO_12MHZ
000010f8   CALDCO_16MHZ
000010fe   CALDCO_1MHZ
000010fc   CALDCO_8MHZ
0000005b   CAPD
0000d668   ClockConfig
00000200   Cycle_Duty
00000056   DCOCTL
00000128   FCTL1
0000012a   FCTL2
0000012c   FCTL3
00000000   IE1
00000001   IE2
00000002   IFG1
00000003   IFG2
0000d802   KeyInit
00000022   P1DIR
00000025   P1IE
00000024   P1IES
00000023   P1IFG
00000020   P1IN
0000d742   P1Init
00000021   P1OUT
00000027   P1REN
00000026   P1SEL
00000041   P1SEL2
0000002a   P2DIR
0000002d   P2IE
0000002c   P2IES
0000002b   P2IFG
00000028   P2IN
00000029   P2OUT
0000002f   P2REN
0000002e   P2SEL
00000042   P2SEL2
0000001a   P3DIR
00000018   P3IN
00000019   P3OUT
00000010   P3REN
0000001b   P3SEL
00000043   P3SEL2
0000d832   PWM_F
00000172   TA0CCR0
00000174   TA0CCR1
00000176   TA0CCR2
00000162   TA0CCTL0
00000164   TA0CCTL1
00000166   TA0CCTL2
00000160   TA0CTL
0000012e   TA0IV
00000170   TA0R
00000192   TA1CCR0
00000194   TA1CCR1
00000196   TA1CCR2
00000182   TA1CCTL0
00000184   TA1CCTL1
00000186   TA1CCTL2
00000180   TA1CTL
0000011e   TA1IV
00000190   TA1R
000010db   TLV_ADC10_1_LEN
000010da   TLV_ADC10_1_TAG
000010c0   TLV_CHECKSUM
000010f7   TLV_DCO_30_LEN
000010f6   TLV_DCO_30_TAG
0000d212   T_A0_1_Config
0000005d   UCA0ABCTL
00000062   UCA0BR0
00000063   UCA0BR1
00000060   UCA0CTL0
00000061   UCA0CTL1
0000005f   UCA0IRRCTL
0000005e   UCA0IRTCTL
00000064   UCA0MCTL
00000066   UCA0RXBUF
00000065   UCA0STAT
00000067   UCA0TXBUF
0000006a   UCB0BR0
0000006b   UCB0BR1
00000068   UCB0CTL0
00000069   UCB0CTL1
0000006c   UCB0I2CIE
00000118   UCB0I2COA
0000011a   UCB0I2CSA
0000006e   UCB0RXBUF
0000006d   UCB0STAT
0000006f   UCB0TXBUF
00000120   WDTCTL
0000d810   WDTStop
00000400   __STACK_END
00000050   __STACK_SIZE
0000d840   __TI_CINIT_Base
0000d844   __TI_CINIT_Limit
0000d83c   __TI_Handler_Table_Base
0000d840   __TI_Handler_Table_Limit
UNDEFED    __TI_INITARRAY_Base
UNDEFED    __TI_INITARRAY_Limit
0000d818   __TI_ISR_TRAP
00000001   __TI_args_main
0000d79c   __TI_decompress_none
0000d824   __TI_decompress_rle24
00000001   __TI_exit
0000ccac   __TI_frcaddd
0000c000   __TI_frcdivd
0000c462   __TI_frcmpyd
0000ffe4   __TI_int02
0000ffe6   __TI_int03
0000ffea   __TI_int05
0000ffec   __TI_int06
0000ffee   __TI_int07
0000fff0   __TI_int08
0000fff2   __TI_int09
0000fff4   __TI_int10
0000fff6   __TI_int11
0000fff8   __TI_int12
0000fffa   __TI_int13
0000fffc   __TI_int14
0000d2d6   __TI_renormd
ffffffff   __binit__
ffffffff   __c_args__
0000c756   __mspabi_addd
0000cf0c   __mspabi_divd
0000d78a   __mspabi_fixdu
0000d414   __mspabi_fixdul
0000d81e   __mspabi_fltud
0000d394   __mspabi_fltuld
0000d7fe   __mspabi_func_epilog_1
0000d7fc   __mspabi_func_epilog_2
0000d7fa   __mspabi_func_epilog_3
0000d7f8   __mspabi_func_epilog_4
0000d7f6   __mspabi_func_epilog_5
0000d7f4   __mspabi_func_epilog_6
0000d7f2   __mspabi_func_epilog_7
0000ca3e   __mspabi_mpyd
0000d776   __mspabi_mpyi
0000d71c   __mspabi_mpyl
0000d6f0   __mspabi_slli
0000d718   __mspabi_slli_1
0000d706   __mspabi_slli_10
0000d704   __mspabi_slli_11
0000d702   __mspabi_slli_12
0000d700   __mspabi_slli_13
0000d6fe   __mspabi_slli_14
0000d6fc   __mspabi_slli_15
0000d716   __mspabi_slli_2
0000d714   __mspabi_slli_3
0000d712   __mspabi_slli_4
0000d710   __mspabi_slli_5
0000d70e   __mspabi_slli_6
0000d70c   __mspabi_slli_7
0000d70a   __mspabi_slli_8
0000d708   __mspabi_slli_9
0000d7e2   __mspabi_slll
0000d662   __mspabi_slll_1
0000d63e   __mspabi_slll_10
0000d63a   __mspabi_slll_11
0000d636   __mspabi_slll_12
0000d632   __mspabi_slll_13
0000d62e   __mspabi_slll_14
0000d62a   __mspabi_slll_15
0000d65e   __mspabi_slll_2
0000d65a   __mspabi_slll_3
0000d656   __mspabi_slll_4
0000d652   __mspabi_slll_5
0000d64e   __mspabi_slll_6
0000d64a   __mspabi_slll_7
0000d646   __mspabi_slll_8
0000d642   __mspabi_slll_9
0000d6c4   __mspabi_srai
0000d6ec   __mspabi_srai_1
0000d6da   __mspabi_srai_10
0000d6d8   __mspabi_srai_11
0000d6d6   __mspabi_srai_12
0000d6d4   __mspabi_srai_13
0000d6d2   __mspabi_srai_14
0000d6d0   __mspabi_srai_15
0000d6ea   __mspabi_srai_2
0000d6e8   __mspabi_srai_3
0000d6e6   __mspabi_srai_4
0000d6e4   __mspabi_srai_5
0000d6e2   __mspabi_srai_6
0000d6e0   __mspabi_srai_7
0000d6de   __mspabi_srai_8
0000d6dc   __mspabi_srai_9
0000d7d2   __mspabi_sral
0000d624   __mspabi_sral_1
0000d600   __mspabi_sral_10
0000d5fc   __mspabi_sral_11
0000d5f8   __mspabi_sral_12
0000d5f4   __mspabi_sral_13
0000d5f0   __mspabi_sral_14
0000d5ec   __mspabi_sral_15
0000d620   __mspabi_sral_2
0000d61c   __mspabi_sral_3
0000d618   __mspabi_sral_4
0000d614   __mspabi_sral_5
0000d610   __mspabi_sral_6
0000d60c   __mspabi_sral_7
0000d608   __mspabi_sral_8
0000d604   __mspabi_sral_9
0000d5a0   __mspabi_srli
0000d5e6   __mspabi_srli_1
0000d5c2   __mspabi_srli_10
0000d5be   __mspabi_srli_11
0000d5ba   __mspabi_srli_12
0000d5b6   __mspabi_srli_13
0000d5b2   __mspabi_srli_14
0000d5ae   __mspabi_srli_15
0000d5e2   __mspabi_srli_2
0000d5de   __mspabi_srli_3
0000d5da   __mspabi_srli_4
0000d5d6   __mspabi_srli_5
0000d5d2   __mspabi_srli_6
0000d5ce   __mspabi_srli_7
0000d5ca   __mspabi_srli_8
0000d5c6   __mspabi_srli_9
0000d7ae   __mspabi_srll
0000d598   __mspabi_srll_1
0000d562   __mspabi_srll_10
0000d55c   __mspabi_srll_11
0000d556   __mspabi_srll_12
0000d550   __mspabi_srll_13
0000d54a   __mspabi_srll_14
0000d544   __mspabi_srll_15
0000d592   __mspabi_srll_2
0000d58c   __mspabi_srll_3
0000d586   __mspabi_srll_4
0000d580   __mspabi_srll_5
0000d57a   __mspabi_srll_6
0000d574   __mspabi_srll_7
0000d56e   __mspabi_srll_8
0000d568   __mspabi_srll_9
0000d696   __mspabi_subd
0000d4e6   _auto_init
0000d75c   _c_int00
0000d75c   _c_int00_noexit
0000fffe   _reset_vector
000003b0   _stack
0000d82a   _system_pre_init
0000d82e   abort
ffffffff   binit
0000d144   main
0000d7c0   memcpy


GLOBAL SYMBOLS: SORTED BY Symbol Address 

address    name
--------   ----
00000000   IE1
00000001   IE2
00000001   __TI_args_main
00000001   __TI_exit
00000002   IFG1
00000003   IFG2
00000010   P3REN
00000018   P3IN
00000019   P3OUT
0000001a   P3DIR
0000001b   P3SEL
00000020   P1IN
00000021   P1OUT
00000022   P1DIR
00000023   P1IFG
00000024   P1IES
00000025   P1IE
00000026   P1SEL
00000027   P1REN
00000028   P2IN
00000029   P2OUT
0000002a   P2DIR
0000002b   P2IFG
0000002c   P2IES
0000002d   P2IE
0000002e   P2SEL
0000002f   P2REN
00000041   P1SEL2
00000042   P2SEL2
00000043   P3SEL2
00000048   ADC10DTC0
00000049   ADC10DTC1
0000004a   ADC10AE0
00000050   __STACK_SIZE
00000053   BCSCTL3
00000056   DCOCTL
00000057   BCSCTL1
00000058   BCSCTL2
00000059   CACTL1
0000005a   CACTL2
0000005b   CAPD
0000005d   UCA0ABCTL
0000005e   UCA0IRTCTL
0000005f   UCA0IRRCTL
00000060   UCA0CTL0
00000061   UCA0CTL1
00000062   UCA0BR0
00000063   UCA0BR1
00000064   UCA0MCTL
00000065   UCA0STAT
00000066   UCA0RXBUF
00000067   UCA0TXBUF
00000068   UCB0CTL0
00000069   UCB0CTL1
0000006a   UCB0BR0
0000006b   UCB0BR1
0000006c   UCB0I2CIE
0000006d   UCB0STAT
0000006e   UCB0RXBUF
0000006f   UCB0TXBUF
00000118   UCB0I2COA
0000011a   UCB0I2CSA
0000011e   TA1IV
00000120   WDTCTL
00000128   FCTL1
0000012a   FCTL2
0000012c   FCTL3
0000012e   TA0IV
00000160   TA0CTL
00000162   TA0CCTL0
00000164   TA0CCTL1
00000166   TA0CCTL2
00000170   TA0R
00000172   TA0CCR0
00000174   TA0CCR1
00000176   TA0CCR2
00000180   TA1CTL
00000182   TA1CCTL0
00000184   TA1CCTL1
00000186   TA1CCTL2
00000190   TA1R
00000192   TA1CCR0
00000194   TA1CCR1
00000196   TA1CCR2
000001b0   ADC10CTL0
000001b2   ADC10CTL1
000001b4   ADC10MEM
000001bc   ADC10SA
00000200   Cycle_Duty
000003b0   _stack
00000400   __STACK_END
000010c0   TLV_CHECKSUM
000010da   TLV_ADC10_1_TAG
000010db   TLV_ADC10_1_LEN
000010f6   TLV_DCO_30_TAG
000010f7   TLV_DCO_30_LEN
000010f8   CALDCO_16MHZ
000010f9   CALBC1_16MHZ
000010fa   CALDCO_12MHZ
000010fb   CALBC1_12MHZ
000010fc   CALDCO_8MHZ
000010fd   CALBC1_8MHZ
000010fe   CALDCO_1MHZ
000010ff   CALBC1_1MHZ
0000c000   __TI_frcdivd
0000c462   __TI_frcmpyd
0000c756   __mspabi_addd
0000ca3e   __mspabi_mpyd
0000ccac   __TI_frcaddd
0000cf0c   __mspabi_divd
0000d144   main
0000d212   T_A0_1_Config
0000d2d6   __TI_renormd
0000d394   __mspabi_fltuld
0000d414   __mspabi_fixdul
0000d4e6   _auto_init
0000d544   __mspabi_srll_15
0000d54a   __mspabi_srll_14
0000d550   __mspabi_srll_13
0000d556   __mspabi_srll_12
0000d55c   __mspabi_srll_11
0000d562   __mspabi_srll_10
0000d568   __mspabi_srll_9
0000d56e   __mspabi_srll_8
0000d574   __mspabi_srll_7
0000d57a   __mspabi_srll_6
0000d580   __mspabi_srll_5
0000d586   __mspabi_srll_4
0000d58c   __mspabi_srll_3
0000d592   __mspabi_srll_2
0000d598   __mspabi_srll_1
0000d5a0   __mspabi_srli
0000d5ae   __mspabi_srli_15
0000d5b2   __mspabi_srli_14
0000d5b6   __mspabi_srli_13
0000d5ba   __mspabi_srli_12
0000d5be   __mspabi_srli_11
0000d5c2   __mspabi_srli_10
0000d5c6   __mspabi_srli_9
0000d5ca   __mspabi_srli_8
0000d5ce   __mspabi_srli_7
0000d5d2   __mspabi_srli_6
0000d5d6   __mspabi_srli_5
0000d5da   __mspabi_srli_4
0000d5de   __mspabi_srli_3
0000d5e2   __mspabi_srli_2
0000d5e6   __mspabi_srli_1
0000d5ec   __mspabi_sral_15
0000d5f0   __mspabi_sral_14
0000d5f4   __mspabi_sral_13
0000d5f8   __mspabi_sral_12
0000d5fc   __mspabi_sral_11
0000d600   __mspabi_sral_10
0000d604   __mspabi_sral_9
0000d608   __mspabi_sral_8
0000d60c   __mspabi_sral_7
0000d610   __mspabi_sral_6
0000d614   __mspabi_sral_5
0000d618   __mspabi_sral_4
0000d61c   __mspabi_sral_3
0000d620   __mspabi_sral_2
0000d624   __mspabi_sral_1
0000d62a   __mspabi_slll_15
0000d62e   __mspabi_slll_14
0000d632   __mspabi_slll_13
0000d636   __mspabi_slll_12
0000d63a   __mspabi_slll_11
0000d63e   __mspabi_slll_10
0000d642   __mspabi_slll_9
0000d646   __mspabi_slll_8
0000d64a   __mspabi_slll_7
0000d64e   __mspabi_slll_6
0000d652   __mspabi_slll_5
0000d656   __mspabi_slll_4
0000d65a   __mspabi_slll_3
0000d65e   __mspabi_slll_2
0000d662   __mspabi_slll_1
0000d668   ClockConfig
0000d696   __mspabi_subd
0000d6c4   __mspabi_srai
0000d6d0   __mspabi_srai_15
0000d6d2   __mspabi_srai_14
0000d6d4   __mspabi_srai_13
0000d6d6   __mspabi_srai_12
0000d6d8   __mspabi_srai_11
0000d6da   __mspabi_srai_10
0000d6dc   __mspabi_srai_9
0000d6de   __mspabi_srai_8
0000d6e0   __mspabi_srai_7
0000d6e2   __mspabi_srai_6
0000d6e4   __mspabi_srai_5
0000d6e6   __mspabi_srai_4
0000d6e8   __mspabi_srai_3
0000d6ea   __mspabi_srai_2
0000d6ec   __mspabi_srai_1
0000d6f0   __mspabi_slli
0000d6fc   __mspabi_slli_15
0000d6fe   __mspabi_slli_14
0000d700   __mspabi_slli_13
0000d702   __mspabi_slli_12
0000d704   __mspabi_slli_11
0000d706   __mspabi_slli_10
0000d708   __mspabi_slli_9
0000d70a   __mspabi_slli_8
0000d70c   __mspabi_slli_7
0000d70e   __mspabi_slli_6
0000d710   __mspabi_slli_5
0000d712   __mspabi_slli_4
0000d714   __mspabi_slli_3
0000d716   __mspabi_slli_2
0000d718   __mspabi_slli_1
0000d71c   __mspabi_mpyl
0000d742   P1Init
0000d75c   _c_int00
0000d75c   _c_int00_noexit
0000d776   __mspabi_mpyi
0000d78a   __mspabi_fixdu
0000d79c   __TI_decompress_none
0000d7ae   __mspabi_srll
0000d7c0   memcpy
0000d7d2   __mspabi_sral
0000d7e2   __mspabi_slll
0000d7f2   __mspabi_func_epilog_7
0000d7f4   __mspabi_func_epilog_6
0000d7f6   __mspabi_func_epilog_5
0000d7f8   __mspabi_func_epilog_4
0000d7fa   __mspabi_func_epilog_3
0000d7fc   __mspabi_func_epilog_2
0000d7fe   __mspabi_func_epilog_1
0000d802   KeyInit
0000d810   WDTStop
0000d818   __TI_ISR_TRAP
0000d81e   __mspabi_fltud
0000d824   __TI_decompress_rle24
0000d82a   _system_pre_init
0000d82e   C$$EXIT
0000d82e   abort
0000d832   PWM_F
0000d83c   __TI_Handler_Table_Base
0000d840   __TI_CINIT_Base
0000d840   __TI_Handler_Table_Limit
0000d844   __TI_CINIT_Limit
0000ffe4   __TI_int02
0000ffe6   __TI_int03
0000ffea   __TI_int05
0000ffec   __TI_int06
0000ffee   __TI_int07
0000fff0   __TI_int08
0000fff2   __TI_int09
0000fff4   __TI_int10
0000fff6   __TI_int11
0000fff8   __TI_int12
0000fffa   __TI_int13
0000fffc   __TI_int14
0000fffe   _reset_vector
ffffffff   __binit__
ffffffff   __c_args__
ffffffff   binit
UNDEFED    __TI_INITARRAY_Base
UNDEFED    __TI_INITARRAY_Limit

[260 symbols]
